This file contains any messages produced by compilers while
running configure, to aid debugging if configure makes a mistake.

It was created by libusb-compat configure 0.1.8, which was
generated by GNU Autoconf 2.71.  Invocation command line was

  $ ./configure --prefix=/home/david/ws_ricoh/src/ricoh_theta_ros/deps/install

## --------- ##
## Platform. ##
## --------- ##

hostname = david-xps
uname -m = x86_64
uname -r = 6.17.0-23-generic
uname -s = Linux
uname -v = #23~24.04.1-Ubuntu SMP PREEMPT_DYNAMIC Tue Apr 14 16:11:48 UTC 2

/usr/bin/uname -p = x86_64
/bin/uname -X     = unknown

/bin/arch              = x86_64
/usr/bin/arch -k       = unknown
/usr/convex/getsysinfo = unknown
/usr/bin/hostinfo      = unknown
/bin/machine           = unknown
/usr/bin/oslevel       = unknown
/bin/universe          = unknown

PATH: /home/david/.bun/bin/
PATH: /home/david/.opencode/bin/
PATH: /home/david/.bun/bin/
PATH: /home/david/.opencode/bin/
PATH: /home/david/.bun/bin/
PATH: /home/david/.opencode/bin/
PATH: /home/david/.bun/bin/
PATH: /home/david/.opencode/bin/
PATH: /home/david/.local/share/pnpm/
PATH: /home/david/.bun/bin/
PATH: /home/david/.opencode/bin/
PATH: /home/david/.nvm/versions/node/v22.21.0/bin/
PATH: /opt/ros/jazzy/opt/gz_msgs_vendor/bin/
PATH: /opt/ros/jazzy/opt/gz_tools_vendor/bin/
PATH: /opt/ros/jazzy/opt/gz_ogre_next_vendor/bin/
PATH: /opt/ros/jazzy/bin/
PATH: /home/david/.cargo/bin/
PATH: /home/david/.npm-packages/bin/
PATH: /home/david/.local/bin/
PATH: /home/david/.nix-profile/bin/
PATH: /nix/var/nix/profiles/default/bin/
PATH: /usr/local/sbin/
PATH: /usr/local/bin/
PATH: /usr/sbin/
PATH: /usr/bin/
PATH: /sbin/
PATH: /bin/
PATH: /usr/games/
PATH: /usr/local/games/
PATH: /snap/bin/
PATH: /home/david/.local/bin/


## ----------- ##
## Core tests. ##
## ----------- ##

configure:2390: looking for aux files: config.guess config.sub ltmain.sh compile missing install-sh
configure:2403:  trying ./
configure:2432:   ./config.guess found
configure:2432:   ./config.sub found
configure:2432:   ./ltmain.sh found
configure:2432:   ./compile found
configure:2432:   ./missing found
configure:2414:   ./install-sh found
configure:2561: checking for a BSD-compatible install
configure:2634: result: /usr/bin/install -c
configure:2645: checking whether build environment is sane
configure:2700: result: yes
configure:2859: checking for a race-free mkdir -p
configure:2903: result: /usr/bin/mkdir -p
configure:2910: checking for gawk
configure:2945: result: no
configure:2910: checking for mawk
configure:2931: found /usr/bin/mawk
configure:2942: result: mawk
configure:2953: checking whether make sets $(MAKE)
configure:2976: result: yes
configure:3006: checking whether make supports nested variables
configure:3024: result: yes
configure:3228: checking for gcc
configure:3249: found /usr/bin/gcc
configure:3260: result: gcc
configure:3613: checking for C compiler version
configure:3622: gcc --version >&5
gcc (Ubuntu 13.3.0-6ubuntu2~24.04.1) 13.3.0
Copyright (C) 2023 Free Software Foundation, Inc.
This is free software; see the source for copying conditions.  There is NO
warranty; not even for MERCHANTABILITY or FITNESS FOR A PARTICULAR PURPOSE.

configure:3633: $? = 0
configure:3622: gcc -v >&5
Using built-in specs.
COLLECT_GCC=gcc
COLLECT_LTO_WRAPPER=/usr/libexec/gcc/x86_64-linux-gnu/13/lto-wrapper
OFFLOAD_TARGET_NAMES=nvptx-none:amdgcn-amdhsa
OFFLOAD_TARGET_DEFAULT=1
Target: x86_64-linux-gnu
Configured with: ../src/configure -v --with-pkgversion='Ubuntu 13.3.0-6ubuntu2~24.04.1' --with-bugurl=file:///usr/share/doc/gcc-13/README.Bugs --enable-languages=c,ada,c++,go,d,fortran,objc,obj-c++,m2 --prefix=/usr --with-gcc-major-version-only --program-suffix=-13 --program-prefix=x86_64-linux-gnu- --enable-shared --enable-linker-build-id --libexecdir=/usr/libexec --without-included-gettext --enable-threads=posix --libdir=/usr/lib --enable-nls --enable-bootstrap --enable-clocale=gnu --enable-libstdcxx-debug --enable-libstdcxx-time=yes --with-default-libstdcxx-abi=new --enable-libstdcxx-backtrace --enable-gnu-unique-object --disable-vtable-verify --enable-plugin --enable-default-pie --with-system-zlib --enable-libphobos-checking=release --with-target-system-zlib=auto --enable-objc-gc=auto --enable-multiarch --disable-werror --enable-cet --with-arch-32=i686 --with-abi=m64 --with-multilib-list=m32,m64,mx32 --enable-multilib --with-tune=generic --enable-offload-targets=nvptx-none=/build/gcc-13-EldibY/gcc-13-13.3.0/debian/tmp-nvptx/usr,amdgcn-amdhsa=/build/gcc-13-EldibY/gcc-13-13.3.0/debian/tmp-gcn/usr --enable-offload-defaulted --without-cuda-driver --enable-checking=release --build=x86_64-linux-gnu --host=x86_64-linux-gnu --target=x86_64-linux-gnu --with-build-config=bootstrap-lto-lean --enable-link-serialization=2
Thread model: posix
Supported LTO compression algorithms: zlib zstd
gcc version 13.3.0 (Ubuntu 13.3.0-6ubuntu2~24.04.1) 
... rest of stderr output deleted ...
configure:3633: $? = 0
configure:3622: gcc -V >&5
gcc: error: unrecognized command-line option '-V'
gcc: fatal error: no input files
compilation terminated.
configure:3633: $? = 1
configure:3622: gcc -qversion >&5
gcc: error: unrecognized command-line option '-qversion'; did you mean '--version'?
gcc: fatal error: no input files
compilation terminated.
configure:3633: $? = 1
configure:3622: gcc -version >&5
gcc: error: unrecognized command-line option '-version'
gcc: fatal error: no input files
compilation terminated.
configure:3633: $? = 1
configure:3653: checking whether the C compiler works
configure:3675: gcc    conftest.c  >&5
configure:3679: $? = 0
configure:3729: result: yes
configure:3732: checking for C compiler default output file name
configure:3734: result: a.out
configure:3740: checking for suffix of executables
configure:3747: gcc -o conftest    conftest.c  >&5
configure:3751: $? = 0
configure:3774: result: 
configure:3796: checking whether we are cross compiling
configure:3804: gcc -o conftest    conftest.c  >&5
configure:3808: $? = 0
configure:3815: ./conftest
configure:3819: $? = 0
configure:3834: result: no
configure:3839: checking for suffix of object files
configure:3862: gcc -c   conftest.c >&5
configure:3866: $? = 0
configure:3888: result: o
configure:3892: checking whether the compiler supports GNU C
configure:3912: gcc -c   conftest.c >&5
configure:3912: $? = 0
configure:3922: result: yes
configure:3933: checking whether gcc accepts -g
configure:3954: gcc -c -g  conftest.c >&5
configure:3954: $? = 0
configure:3998: result: yes
configure:4018: checking for gcc option to enable C11 features
configure:4033: gcc  -c -g -O2  conftest.c >&5
configure:4033: $? = 0
configure:4051: result: none needed
configure:4167: checking whether gcc understands -c and -o together
configure:4190: gcc -c conftest.c -o conftest2.o
configure:4193: $? = 0
configure:4190: gcc -c conftest.c -o conftest2.o
configure:4193: $? = 0
configure:4205: result: yes
configure:4225: checking whether make supports the include directive
configure:4240: make -f confmf.GNU && cat confinc.out
this is the am__doit target
configure:4243: $? = 0
configure:4262: result: yes (GNU style)
configure:4288: checking dependency style of gcc
configure:4400: result: gcc3
configure:4447: checking build system type
configure:4462: result: x86_64-pc-linux-gnu
configure:4482: checking host system type
configure:4496: result: x86_64-pc-linux-gnu
configure:4537: checking how to print strings
configure:4564: result: printf
configure:4585: checking for a sed that does not truncate output
configure:4655: result: /usr/bin/sed
configure:4673: checking for grep that handles long lines and -e
configure:4737: result: /usr/bin/grep
configure:4742: checking for egrep
configure:4810: result: /usr/bin/grep -E
configure:4815: checking for fgrep
configure:4883: result: /usr/bin/grep -F
configure:4919: checking for ld used by gcc
configure:4987: result: /usr/bin/ld
configure:4994: checking if the linker (/usr/bin/ld) is GNU ld
configure:5010: result: yes
configure:5022: checking for BSD- or MS-compatible name lister (nm)
configure:5077: result: /usr/bin/nm -B
configure:5217: checking the name lister (/usr/bin/nm -B) interface
configure:5225: gcc -c -g -O2  conftest.c >&5
configure:5228: /usr/bin/nm -B "conftest.o"
configure:5231: output
0000000000000000 B some_variable
configure:5238: result: BSD nm
configure:5241: checking whether ln -s works
configure:5245: result: yes
configure:5253: checking the maximum length of command line arguments
configure:5385: result: 1572864
configure:5433: checking how to convert x86_64-pc-linux-gnu file names to x86_64-pc-linux-gnu format
configure:5474: result: func_convert_file_noop
configure:5481: checking how to convert x86_64-pc-linux-gnu file names to toolchain format
configure:5502: result: func_convert_file_noop
configure:5509: checking for /usr/bin/ld option to reload object files
configure:5517: result: -r
configure:5596: checking for file
configure:5617: found /usr/bin/file
configure:5628: result: file
configure:5704: checking for objdump
configure:5725: found /usr/bin/objdump
configure:5736: result: objdump
configure:5768: checking how to recognize dependent libraries
configure:5969: result: pass_all
configure:6059: checking for dlltool
configure:6094: result: no
configure:6124: checking how to associate runtime and link libraries
configure:6152: result: printf %s\n
configure:6218: checking for ar
configure:6239: found /usr/bin/ar
configure:6250: result: ar
configure:6303: checking for archiver @FILE support
configure:6321: gcc -c -g -O2  conftest.c >&5
configure:6321: $? = 0
configure:6325: ar cr libconftest.a @conftest.lst >&5
configure:6328: $? = 0
configure:6333: ar cr libconftest.a @conftest.lst >&5
ar: conftest.o: No such file or directory
configure:6336: $? = 1
configure:6348: result: @
configure:6411: checking for strip
configure:6432: found /usr/bin/strip
configure:6443: result: strip
configure:6520: checking for ranlib
configure:6541: found /usr/bin/ranlib
configure:6552: result: ranlib
configure:6654: checking command to parse /usr/bin/nm -B output from gcc object
configure:6808: gcc -c -g -O2  conftest.c >&5
configure:6811: $? = 0
configure:6815: /usr/bin/nm -B conftest.o \| /usr/bin/sed -n -e 's/^.*[ ]\([ABCDGIRSTW][ABCDGIRSTW]*\)[ ][ ]*\([_A-Za-z][_A-Za-z0-9]*\)$/\1 \2 \2/p' | /usr/bin/sed '/ __gnu_lto/d' \> conftest.nm
configure:6818: $? = 0
configure:6884: gcc -o conftest -g -O2   conftest.c conftstm.o >&5
configure:6887: $? = 0
configure:6925: result: ok
configure:6972: checking for sysroot
configure:7003: result: no
configure:7010: checking for a working dd
configure:7054: result: /usr/bin/dd
configure:7058: checking how to truncate binary pipes
configure:7074: result: /usr/bin/dd bs=4096 count=1
configure:7211: gcc -c -g -O2  conftest.c >&5
configure:7214: $? = 0
configure:7411: checking for mt
configure:7432: found /usr/bin/mt
configure:7443: result: mt
configure:7466: checking if mt is a manifest tool
configure:7473: mt '-?'
configure:7481: result: no
configure:8206: checking for stdio.h
configure:8206: gcc -c -g -O2  conftest.c >&5
configure:8206: $? = 0
configure:8206: result: yes
configure:8206: checking for stdlib.h
configure:8206: gcc -c -g -O2  conftest.c >&5
configure:8206: $? = 0
configure:8206: result: yes
configure:8206: checking for string.h
configure:8206: gcc -c -g -O2  conftest.c >&5
configure:8206: $? = 0
configure:8206: result: yes
configure:8206: checking for inttypes.h
configure:8206: gcc -c -g -O2  conftest.c >&5
configure:8206: $? = 0
configure:8206: result: yes
configure:8206: checking for stdint.h
configure:8206: gcc -c -g -O2  conftest.c >&5
configure:8206: $? = 0
configure:8206: result: yes
configure:8206: checking for strings.h
configure:8206: gcc -c -g -O2  conftest.c >&5
configure:8206: $? = 0
configure:8206: result: yes
configure:8206: checking for sys/stat.h
configure:8206: gcc -c -g -O2  conftest.c >&5
configure:8206: $? = 0
configure:8206: result: yes
configure:8206: checking for sys/types.h
configure:8206: gcc -c -g -O2  conftest.c >&5
configure:8206: $? = 0
configure:8206: result: yes
configure:8206: checking for unistd.h
configure:8206: gcc -c -g -O2  conftest.c >&5
configure:8206: $? = 0
configure:8206: result: yes
configure:8231: checking for dlfcn.h
configure:8231: gcc -c -g -O2  conftest.c >&5
configure:8231: $? = 0
configure:8231: result: yes
configure:8490: checking for objdir
configure:8506: result: .libs
configure:8770: checking if gcc supports -fno-rtti -fno-exceptions
configure:8789: gcc -c -g -O2  -fno-rtti -fno-exceptions conftest.c >&5
cc1: warning: command-line option '-fno-rtti' is valid for C++/D/ObjC++ but not for C
configure:8793: $? = 0
configure:8806: result: no
configure:9164: checking for gcc option to produce PIC
configure:9172: result: -fPIC -DPIC
configure:9180: checking if gcc PIC flag -fPIC -DPIC works
configure:9199: gcc -c -g -O2  -fPIC -DPIC -DPIC conftest.c >&5
configure:9203: $? = 0
configure:9216: result: yes
configure:9245: checking if gcc static flag -static works
configure:9274: result: yes
configure:9289: checking if gcc supports -c -o file.o
configure:9311: gcc -c -g -O2  -o out/conftest2.o conftest.c >&5
configure:9315: $? = 0
configure:9337: result: yes
configure:9345: checking if gcc supports -c -o file.o
configure:9393: result: yes
configure:9426: checking whether the gcc linker (/usr/bin/ld -m elf_x86_64) supports shared libraries
configure:10695: result: yes
configure:10732: checking whether -lc should be explicitly linked in
configure:10741: gcc -c -g -O2  conftest.c >&5
configure:10744: $? = 0
configure:10759: gcc -shared  -fPIC -DPIC conftest.o  -v -Wl,-soname -Wl,conftest -o conftest 2\>\&1 \| /usr/bin/grep  -lc  \>/dev/null 2\>\&1
configure:10762: $? = 0
configure:10776: result: no
configure:10936: checking dynamic linker characteristics
configure:11518: gcc -o conftest -g -O2   -Wl,-rpath -Wl,/foo conftest.c  >&5
configure:11518: $? = 0
configure:11757: result: GNU/Linux ld.so
configure:11879: checking how to hardcode library paths into programs
configure:11904: result: immediate
configure:12486: checking whether stripping libraries is possible
configure:12495: result: yes
configure:12537: checking if libtool supports shared libraries
configure:12539: result: yes
configure:12542: checking whether to build shared libraries
configure:12567: result: yes
configure:12570: checking whether to build static libraries
configure:12574: result: yes
configure:12611: checking for inline
configure:12628: gcc -c -g -O2  conftest.c >&5
configure:12628: $? = 0
configure:12637: result: inline
configure:12728: checking for pkg-config
configure:12751: found /usr/bin/pkg-config
configure:12763: result: /usr/bin/pkg-config
configure:12788: checking pkg-config is at least version 0.9.0
configure:12791: result: yes
configure:12801: checking for LIBUSB_1_0
configure:12808: $PKG_CONFIG --exists --print-errors "libusb-1.0 >= 0.9.1"
configure:12811: $? = 0
configure:12825: $PKG_CONFIG --exists --print-errors "libusb-1.0 >= 0.9.1"
configure:12828: $? = 0
configure:12886: result: yes
configure:12895: checking for dlfcn.h
configure:12895: result: yes
configure:12899: checking for dlopen in -ldl
configure:12928: gcc -o conftest -g -O2   conftest.c -ldl   >&5
configure:12928: $? = 0
configure:12938: result: yes
configure:12943: checking for dlsym in -ldl
configure:12972: gcc -o conftest -g -O2   conftest.c -ldl   >&5
configure:12972: $? = 0
configure:12982: result: yes
configure:12991: checking for libusb_open in -lusb-1.0
configure:13020: gcc -o conftest -g -O2   conftest.c -lusb-1.0   >&5
configure:13020: $? = 0
configure:13030: result: yes
configure:13037: checking for ldd
configure:13060: found /usr/bin/ldd
configure:13072: result: /usr/bin/ldd
configure:13080: checking for SONAME of libusb-1.0
configure:13112: gcc -o conftest -g -O2   conftest.c   -lusb-1.0 >&5
configure:13112: $? = 0
configure:13140: result: libusb-1.0.so.0
configure:13168: checking for GNU extensions of errno.h
configure:13189: gcc -c -g -O2  conftest.c >&5
configure:13189: $? = 0
configure:13197: result: yes
configure:13273: gcc -c -g -O2 -fgnu89-inline  conftest.c >&5
configure:13273: $? = 0
configure:13394: checking that generated files are newer than configure
configure:13400: result: done
configure:13431: creating ./config.status

## ---------------------- ##
## Running config.status. ##
## ---------------------- ##

This file was extended by libusb-compat config.status 0.1.8, which was
generated by GNU Autoconf 2.71.  Invocation command line was

  CONFIG_FILES    = 
  CONFIG_HEADERS  = 
  CONFIG_LINKS    = 
  CONFIG_COMMANDS = 
  $ ./config.status 

on david-xps

config.status:1109: creating libusb.pc
config.status:1109: creating libusb-config
config.status:1109: creating Makefile
config.status:1109: creating libusb/Makefile
config.status:1109: creating examples/Makefile
config.status:1109: creating config.h
config.status:1290: config.h is unchanged
config.status:1338: executing depfiles commands
config.status:1415: cd libusb       && sed -e '/# am--include-marker/d' Makefile         | make -f - am--depfiles
make: Nothing to be done for 'am--depfiles'.
config.status:1420: $? = 0
config.status:1415: cd examples       && sed -e '/# am--include-marker/d' Makefile         | make -f - am--depfiles
make: Nothing to be done for 'am--depfiles'.
config.status:1420: $? = 0
config.status:1338: executing libtool commands
config.status:1338: executing default commands

## ---------------- ##
## Cache variables. ##
## ---------------- ##

ac_cv_build=x86_64-pc-linux-gnu
ac_cv_c_compiler_gnu=yes
ac_cv_c_inline=inline
ac_cv_env_CC_set=
ac_cv_env_CC_value=
ac_cv_env_CFLAGS_set=
ac_cv_env_CFLAGS_value=
ac_cv_env_CPPFLAGS_set=
ac_cv_env_CPPFLAGS_value=
ac_cv_env_LDFLAGS_set=
ac_cv_env_LDFLAGS_value=
ac_cv_env_LIBS_set=
ac_cv_env_LIBS_value=
ac_cv_env_LIBUSB_1_0_CFLAGS_set=
ac_cv_env_LIBUSB_1_0_CFLAGS_value=
ac_cv_env_LIBUSB_1_0_LIBS_set=
ac_cv_env_LIBUSB_1_0_LIBS_value=
ac_cv_env_LIBUSB_1_0_SONAME_set=
ac_cv_env_LIBUSB_1_0_SONAME_value=
ac_cv_env_LT_SYS_LIBRARY_PATH_set=
ac_cv_env_LT_SYS_LIBRARY_PATH_value=
ac_cv_env_PKG_CONFIG_LIBDIR_set=
ac_cv_env_PKG_CONFIG_LIBDIR_value=
ac_cv_env_PKG_CONFIG_PATH_set=set
ac_cv_env_PKG_CONFIG_PATH_value=/home/david/ws_ricoh/install/libuvc/lib/pkgconfig
ac_cv_env_PKG_CONFIG_set=
ac_cv_env_PKG_CONFIG_value=
ac_cv_env_build_alias_set=
ac_cv_env_build_alias_value=
ac_cv_env_host_alias_set=
ac_cv_env_host_alias_value=
ac_cv_env_target_alias_set=
ac_cv_env_target_alias_value=
ac_cv_have_gnu_errno_h=yes
ac_cv_header_dlfcn_h=yes
ac_cv_header_inttypes_h=yes
ac_cv_header_stdint_h=yes
ac_cv_header_stdio_h=yes
ac_cv_header_stdlib_h=yes
ac_cv_header_string_h=yes
ac_cv_header_strings_h=yes
ac_cv_header_sys_stat_h=yes
ac_cv_header_sys_types_h=yes
ac_cv_header_unistd_h=yes
ac_cv_host=x86_64-pc-linux-gnu
ac_cv_lib_dl_dlopen=yes
ac_cv_lib_dl_dlsym=yes
ac_cv_lib_usb_1_0_libusb_open=yes
ac_cv_objext=o
ac_cv_path_EGREP='/usr/bin/grep -E'
ac_cv_path_FGREP='/usr/bin/grep -F'
ac_cv_path_GREP=/usr/bin/grep
ac_cv_path_PATH_LDD=/usr/bin/ldd
ac_cv_path_SED=/usr/bin/sed
ac_cv_path_ac_pt_PKG_CONFIG=/usr/bin/pkg-config
ac_cv_path_install='/usr/bin/install -c'
ac_cv_path_lt_DD=/usr/bin/dd
ac_cv_path_mkdir=/usr/bin/mkdir
ac_cv_prog_AWK=mawk
ac_cv_prog_ac_ct_AR=ar
ac_cv_prog_ac_ct_CC=gcc
ac_cv_prog_ac_ct_FILECMD=file
ac_cv_prog_ac_ct_MANIFEST_TOOL=mt
ac_cv_prog_ac_ct_OBJDUMP=objdump
ac_cv_prog_ac_ct_RANLIB=ranlib
ac_cv_prog_ac_ct_STRIP=strip
ac_cv_prog_cc_c11=
ac_cv_prog_cc_g=yes
ac_cv_prog_cc_stdc=
ac_cv_prog_make_make_set=yes
am_cv_CC_dependencies_compiler_type=gcc3
am_cv_make_support_nested_variables=yes
am_cv_prog_cc_c_o=yes
au_cv_lib_soname_LIBUSB_1_0=libusb-1.0.so.0
lt_cv_ar_at_file=@
lt_cv_archive_cmds_need_lc=no
lt_cv_deplibs_check_method=pass_all
lt_cv_file_magic_cmd='$MAGIC_CMD'
lt_cv_file_magic_test_file=
lt_cv_ld_reload_flag=-r
lt_cv_nm_interface='BSD nm'
lt_cv_objdir=.libs
lt_cv_path_LD=/usr/bin/ld
lt_cv_path_NM='/usr/bin/nm -B'
lt_cv_path_mainfest_tool=no
lt_cv_prog_compiler_c_o=yes
lt_cv_prog_compiler_pic='-fPIC -DPIC'
lt_cv_prog_compiler_pic_works=yes
lt_cv_prog_compiler_rtti_exceptions=no
lt_cv_prog_compiler_static_works=yes
lt_cv_prog_gnu_ld=yes
lt_cv_sharedlib_from_linklib_cmd='printf %s\n'
lt_cv_shlibpath_overrides_runpath=yes
lt_cv_sys_global_symbol_pipe='/usr/bin/sed -n -e '\''s/^.*[	 ]\([ABCDGIRSTW][ABCDGIRSTW]*\)[	 ][	 ]*\([_A-Za-z][_A-Za-z0-9]*\)$/\1 \2 \2/p'\'' | /usr/bin/sed '\''/ __gnu_lto/d'\'''
lt_cv_sys_global_symbol_to_c_name_address='/usr/bin/sed -n -e '\''s/^: \(.*\) .*$/  {"\1", (void *) 0},/p'\'' -e '\''s/^[ABCDGIRSTW][ABCDGIRSTW]* .* \(.*\)$/  {"\1", (void *) \&\1},/p'\'''
lt_cv_sys_global_symbol_to_c_name_address_lib_prefix='/usr/bin/sed -n -e '\''s/^: \(.*\) .*$/  {"\1", (void *) 0},/p'\'' -e '\''s/^[ABCDGIRSTW][ABCDGIRSTW]* .* \(lib.*\)$/  {"\1", (void *) \&\1},/p'\'' -e '\''s/^[ABCDGIRSTW][ABCDGIRSTW]* .* \(.*\)$/  {"lib\1", (void *) \&\1},/p'\'''
lt_cv_sys_global_symbol_to_cdecl='/usr/bin/sed -n -e '\''s/^T .* \(.*\)$/extern int \1();/p'\'' -e '\''s/^[ABCDGIRSTW][ABCDGIRSTW]* .* \(.*\)$/extern char \1;/p'\'''
lt_cv_sys_global_symbol_to_import=
lt_cv_sys_max_cmd_len=1572864
lt_cv_to_host_file_cmd=func_convert_file_noop
lt_cv_to_tool_file_cmd=func_convert_file_noop
lt_cv_truncate_bin='/usr/bin/dd bs=4096 count=1'
pkg_cv_LIBUSB_1_0_CFLAGS='-I/usr/include/libusb-1.0 '
pkg_cv_LIBUSB_1_0_LIBS='-lusb-1.0 '

## ----------------- ##
## Output variables. ##
## ----------------- ##

ACLOCAL='${SHELL} '\''/home/david/ws_ricoh/src/ricoh_theta_ros/libusb-compat-0.1.8/missing'\'' aclocal-1.16'
AMDEPBACKSLASH='\'
AMDEP_FALSE='#'
AMDEP_TRUE=''
AMTAR='$${TAR-tar}'
AM_BACKSLASH='\'
AM_CFLAGS='-std=gnu99 -fgnu89-inline -Wall -Wundef -Wunused -Wstrict-prototypes -Werror-implicit-function-declaration -Wno-pointer-sign -Wshadow'
AM_DEFAULT_V='$(AM_DEFAULT_VERBOSITY)'
AM_DEFAULT_VERBOSITY='1'
AM_V='$(V)'
AR='ar'
AUTOCONF='${SHELL} '\''/home/david/ws_ricoh/src/ricoh_theta_ros/libusb-compat-0.1.8/missing'\'' autoconf'
AUTOHEADER='${SHELL} '\''/home/david/ws_ricoh/src/ricoh_theta_ros/libusb-compat-0.1.8/missing'\'' autoheader'
AUTOMAKE='${SHELL} '\''/home/david/ws_ricoh/src/ricoh_theta_ros/libusb-compat-0.1.8/missing'\'' automake-1.16'
AWK='mawk'
BUILD_EXAMPLES_FALSE=''
BUILD_EXAMPLES_TRUE='#'
CC='gcc'
CCDEPMODE='depmode=gcc3'
CFLAGS='-g -O2'
CPPFLAGS=''
CSCOPE='cscope'
CTAGS='ctags'
CYGPATH_W='echo'
DEFS='-DHAVE_CONFIG_H'
DEPDIR='.deps'
DLLTOOL='false'
DSYMUTIL=''
DUMPBIN=''
ECHO_C=''
ECHO_N='-n'
ECHO_T=''
EGREP='/usr/bin/grep -E'
ETAGS='etags'
EXEEXT=''
FGREP='/usr/bin/grep -F'
FILECMD='file'
GREP='/usr/bin/grep'
INSTALL_DATA='${INSTALL} -m 644'
INSTALL_PROGRAM='${INSTALL}'
INSTALL_SCRIPT='${INSTALL}'
INSTALL_STRIP_PROGRAM='$(install_sh) -c -s'
LD='/usr/bin/ld -m elf_x86_64'
LDFLAGS=''
LIBOBJS=''
LIBS=''
LIBTOOL='$(SHELL) $(top_builddir)/libtool'
LIBUSB01_VERSION='0.1.12'
LIBUSB_1_0_CFLAGS='-I/usr/include/libusb-1.0 '
LIBUSB_1_0_LIBS='-lusb-1.0 '
LIBUSB_1_0_SONAME='libusb-1.0.so.0'
LIPO=''
LN_S='ln -s'
LTLIBOBJS=''
LT_AGE='4'
LT_MAJOR='8'
LT_REVISION='4'
LT_SYS_LIBRARY_PATH=''
MAKEINFO='${SHELL} '\''/home/david/ws_ricoh/src/ricoh_theta_ros/libusb-compat-0.1.8/missing'\'' makeinfo'
MANIFEST_TOOL=':'
MKDIR_P='/usr/bin/mkdir -p'
NM='/usr/bin/nm -B'
NMEDIT=''
OBJDUMP='objdump'
OBJEXT='o'
OTOOL64=''
OTOOL=''
PACKAGE='libusb-compat'
PACKAGE_BUGREPORT=''
PACKAGE_NAME='libusb-compat'
PACKAGE_STRING='libusb-compat 0.1.8'
PACKAGE_TARNAME='libusb-compat'
PACKAGE_URL=''
PACKAGE_VERSION='0.1.8'
PATH_LDD='/usr/bin/ldd'
PATH_SEPARATOR=':'
PKG_CONFIG='/usr/bin/pkg-config'
PKG_CONFIG_LIBDIR=''
PKG_CONFIG_PATH='/home/david/ws_ricoh/install/libuvc/lib/pkgconfig'
RANLIB='ranlib'
SED='/usr/bin/sed'
SET_MAKE=''
SHELL='/bin/bash'
STRIP='strip'
USE_LIBUSB_1_0_DLOAD_FALSE='#'
USE_LIBUSB_1_0_DLOAD_TRUE=''
VERSION='0.1.8'
ac_ct_AR='ar'
ac_ct_CC='gcc'
ac_ct_DUMPBIN=''
am__EXEEXT_FALSE=''
am__EXEEXT_TRUE='#'
am__fastdepCC_FALSE='#'
am__fastdepCC_TRUE=''
am__include='include'
am__isrc=''
am__leading_dot='.'
am__nodep='_no'
am__quote=''
am__tar='$${TAR-tar} chof - "$$tardir"'
am__untar='$${TAR-tar} xf -'
bindir='${exec_prefix}/bin'
build='x86_64-pc-linux-gnu'
build_alias=''
build_cpu='x86_64'
build_os='linux-gnu'
build_vendor='pc'
datadir='${datarootdir}'
datarootdir='${prefix}/share'
docdir='${datarootdir}/doc/${PACKAGE_TARNAME}'
dvidir='${docdir}'
exec_prefix='${prefix}'
host='x86_64-pc-linux-gnu'
host_alias=''
host_cpu='x86_64'
host_os='linux-gnu'
host_vendor='pc'
htmldir='${docdir}'
includedir='${prefix}/include'
infodir='${datarootdir}/info'
install_sh='${SHELL} /home/david/ws_ricoh/src/ricoh_theta_ros/libusb-compat-0.1.8/install-sh'
libdir='${exec_prefix}/lib'
libexecdir='${exec_prefix}/libexec'
localedir='${datarootdir}/locale'
localstatedir='${prefix}/var'
mandir='${datarootdir}/man'
mkdir_p='$(MKDIR_P)'
oldincludedir='/usr/include'
pdfdir='${docdir}'
prefix='/home/david/ws_ricoh/src/ricoh_theta_ros/deps/install'
program_transform_name='s,x,x,'
psdir='${docdir}'
runstatedir='${localstatedir}/run'
sbindir='${exec_prefix}/sbin'
sharedstatedir='${prefix}/com'
sysconfdir='${prefix}/etc'
target_alias=''

## ----------- ##
## confdefs.h. ##
## ----------- ##

/* confdefs.h */
#define PACKAGE_NAME "libusb-compat"
#define PACKAGE_TARNAME "libusb-compat"
#define PACKAGE_VERSION "0.1.8"
#define PACKAGE_STRING "libusb-compat 0.1.8"
#define PACKAGE_BUGREPORT ""
#define PACKAGE_URL ""
#define PACKAGE "libusb-compat"
#define VERSION "0.1.8"
#define HAVE_STDIO_H 1
#define HAVE_STDLIB_H 1
#define HAVE_STRING_H 1
#define HAVE_INTTYPES_H 1
#define HAVE_STDINT_H 1
#define HAVE_STRINGS_H 1
#define HAVE_SYS_STAT_H 1
#define HAVE_SYS_TYPES_H 1
#define HAVE_UNISTD_H 1
#define STDC_HEADERS 1
#define HAVE_DLFCN_H 1
#define LT_OBJDIR ".libs/"
#define LIBUSB_1_0_SONAME "libusb-1.0.so.0"
#define HAVE_GNU_ERRNO_H 1
#define _GNU_SOURCE /**/
#define ENABLE_LOGGING 1
#define API_EXPORTED __attribute__((visibility("default")))

configure: exit 0
